// Jest Snapshot v1, https://goo.gl/fbAQLP

exports[`BroadcastDetail > CallStatusTable renders correctly 1`] = `
<DocumentFragment>
  <div
    class="MuiPaper-root MuiTableContainer-root MuiPaper-elevation1 MuiPaper-rounded"
    style="margin-bottom: 4px;"
  >
    <table
      aria-label="Notification recipients calls details and statuses"
      class="MuiTable-root"
      data-testid="recipients-table"
    >
      <thead
        class="MuiTableHead-root"
      >
        <tr
          class="MuiTableRow-root MuiTableRow-head"
        >
          <th
            class="MuiTableCell-root MuiTableCell-head MuiTableCell-sizeSmall"
            scope="col"
          >
            Number
          </th>
          <th
            class="MuiTableCell-root MuiTableCell-head MuiTableCell-sizeSmall"
            scope="col"
          >
            Status
          </th>
        </tr>
      </thead>
      <tbody
        class="MuiTableBody-root"
      >
        <tr
          class="MuiTableRow-root"
        >
          <td
            class="MuiTableCell-root MuiTableCell-body MuiTableCell-sizeSmall"
          >
            +100001
          </td>
          <td
            class="MuiTableCell-root MuiTableCell-body MuiTableCell-sizeSmall"
          >
            in-progress
          </td>
        </tr>
      </tbody>
    </table>
  </div>
  <div
    class="MuiTablePagination-root"
    data-testid="paginator"
  >
    <div
      class="MuiToolbar-root MuiToolbar-regular MuiTablePagination-toolbar MuiToolbar-gutters"
    >
      <div
        class="MuiTablePagination-spacer"
      />
      <p
        class="MuiTypography-root MuiTablePagination-caption MuiTypography-body2 MuiTypography-colorInherit"
      >
        1-1 of 1
      </p>
      <div
        class="MuiTablePagination-actions"
      >
        <button
          aria-label="Previous page"
          class="MuiButtonBase-root MuiIconButton-root MuiIconButton-colorInherit Mui-disabled Mui-disabled"
          disabled=""
          tabindex="-1"
          title="Previous page"
          type="button"
        >
          <span
            class="MuiIconButton-label"
          >
            <svg
              aria-hidden="true"
              class="MuiSvgIcon-root"
              focusable="false"
              viewBox="0 0 24 24"
            >
              <path
                d="M15.41 16.09l-4.58-4.59 4.58-4.59L14 5.5l-6 6 6 6z"
              />
            </svg>
          </span>
        </button>
        <button
          aria-label="Next page"
          class="MuiButtonBase-root MuiIconButton-root MuiIconButton-colorInherit Mui-disabled Mui-disabled"
          disabled=""
          tabindex="-1"
          title="Next page"
          type="button"
        >
          <span
            class="MuiIconButton-label"
          >
            <svg
              aria-hidden="true"
              class="MuiSvgIcon-root"
              focusable="false"
              viewBox="0 0 24 24"
            >
              <path
                d="M8.59 16.34l4.58-4.59-4.58-4.59L10 5.75l6 6-6 6z"
              />
            </svg>
          </span>
        </button>
      </div>
    </div>
  </div>
</DocumentFragment>
`;
