// Jest Snapshot v1, https://goo.gl/fbAQLP

exports[`ErrorBoundary shows children 1`] = `
<div>
  <div>
    No error
  </div>
</div>
`;

exports[`ErrorBoundary shows message when it catches an error 1`] = `
<div>
  <div
    class="MuiPaper-root MuiAlert-root MuiAlert-standardError MuiPaper-elevation0"
    role="alert"
    style="align-items: center;"
  >
    <div
      class="MuiAlert-icon"
    >
      <svg
        aria-hidden="true"
        class="MuiSvgIcon-root MuiSvgIcon-fontSizeInherit"
        focusable="false"
        viewBox="0 0 24 24"
      >
        <path
          d="M11 15h2v2h-2zm0-8h2v6h-2zm.99-5C6.47 2 2 6.48 2 12s4.47 10 9.99 10C17.52 22 22 17.52 22 12S17.52 2 11.99 2zM12 20c-4.42 0-8-3.58-8-8s3.58-8 8-8 8 3.58 8 8-3.58 8-8 8z"
        />
      </svg>
    </div>
    <div
      class="MuiAlert-message"
    >
      Sorry, something went wrong and we're experiencing some issues. Please try again.
    </div>
    <div
      class="MuiAlert-action"
    >
      <div
        class="MuiBox-root MuiBox-root-55"
      >
        <button
          class="MuiButtonBase-root MuiButton-root MuiButton-outlined MuiButton-outlinedPrimary"
          tabindex="0"
          type="button"
        >
          <span
            class="MuiButton-label"
          >
            Reload
          </span>
          <span
            class="MuiTouchRipple-root"
          />
        </button>
      </div>
    </div>
  </div>
</div>
`;
